2025-12-30 15:14:05,179 - INFO - Binance Client initialized (Testnet: True)
2025-12-30 15:14:05,182 - INFO - [ORDER REQUEST] BUY 0.01 BTCUSDT (MARKET) at market price
2025-12-30 15:14:07,756 - INFO - [ORDER SUCCESS] ID=11262552156 | Status=NEW | Executed=0.000 BTCUSDT
2025-12-30 15:14:08,900 - INFO - Binance Client initialized (Testnet: True)
2025-12-30 15:14:08,901 - INFO - [ORDER REQUEST] SELL 0.01 BTCUSDT (STOP) @ $95500.0
2025-12-30 15:14:11,459 - INFO - Binance Client initialized (Testnet: True)
2025-12-30 15:14:11,459 - INFO - [ORDER REQUEST] SELL 0.01 BTCUSDT (LIMIT) @ $98000.0
2025-12-30 15:14:12,242 - INFO - [ORDER SUCCESS] ID=11262553030 | Status=NEW | Executed=0.000 BTCUSDT
2025-12-30 15:14:12,319 - INFO - Binance Client initialized (Testnet: True)
2025-12-30 15:14:12,320 - INFO - Placing OCO-simulated orders for BTCUSDT
2025-12-30 15:14:12,320 - INFO - [ORDER REQUEST] SELL 0.01 BTCUSDT (LIMIT) @ $98000.0
2025-12-30 15:14:13,054 - INFO - [ORDER SUCCESS] ID=11262553290 | Status=NEW | Executed=0.000 BTCUSDT
2025-12-30 15:14:13,055 - INFO - [ORDER REQUEST] SELL 0.01 BTCUSDT (STOP) @ $94500.0
2025-12-30 15:21:50,185 - INFO - Binance Client initialized (Testnet: True)
2025-12-30 15:21:50,186 - INFO - [ORDER REQUEST] SELL 0.01 BTCUSDT (STOP) @ $94000.0
2025-12-30 15:21:53,573 - INFO - Binance Client initialized (Testnet: True)
2025-12-30 15:21:53,573 - INFO - Placing OCO-simulated orders for BTCUSDT
2025-12-30 15:21:53,573 - INFO - [ORDER REQUEST] SELL 0.01 BTCUSDT (LIMIT) @ $99000.0
2025-12-30 15:54:08,229 - INFO - Binance Client initialized (Testnet: True)
2025-12-30 15:54:10,469 - INFO - Binance Client initialized (Testnet: True)
